../Core/Src/main.c:130:5:main	168	static
../Core/Src/main.c:246:6:SystemClock_Config	88	static
../Core/Src/main.c:293:13:MX_USART2_UART_Init	8	static
../Core/Src/main.c:349:13:MX_DMA_Init	16	static
../Core/Src/main.c:382:13:MX_GPIO_Init	32	static
../Core/Src/main.c:401:13:ring_push	24	static
../Core/Src/main.c:410:17:ring_pop	24	static
../Core/Src/main.c:422:13:float_to_bytes	16	static
../Core/Src/main.c:426:14:bytes_to_float	24	static
../Core/Src/main.c:433:17:CRC16_Modbus	24	static
../Core/Src/main.c:449:13:PackFrame	32	static
../Core/Src/main.c:466:13:ParseFrame	32	static
../Core/Src/main.c:489:13:SendAck	96	static
../Core/Src/main.c:497:13:SendParamResponse	104	static
../Core/Src/main.c:510:13:SendRealtimeData	112	static
../Core/Src/main.c:530:13:ProcessReceivedFrame	24	static
../Core/Src/main.c:580:6:HAL_UARTEx_RxEventCallback	24	static
../Core/Src/main.c:601:6:USART2_IRQHandler	8	static
../Core/Src/main.c:613:6:Error_Handler	4	static,ignoring_inline_asm
