../Core/Src/wifi_es8266.c:114:6:USART3_IRQHandler	8	static
../Core/Src/wifi_es8266.c:119:6:HAL_UART_RxCpltCallback	16	static
../Core/Src/wifi_es8266.c:127:6:HAL_UART_ErrorCallback	16	static
../Core/Src/wifi_es8266.c:153:6:Wifi_Init	8	static
../Core/Src/wifi_es8266.c:188:6:Wifi_IsUp	4	static
../Core/Src/wifi_es8266.c:194:6:Wifi_Periodic	240	static
../Core/Src/wifi_es8266.c:303:6:Wifi_TcpSend	72	static
../Core/Src/wifi_es8266.c:326:10:Wifi_RxLineGet	24	static
../Core/Src/wifi_es8266.c:341:13:ring_push	24	static
../Core/Src/wifi_es8266.c:351:13:at_poll_rx	16	static
../Core/Src/wifi_es8266.c:361:13:fsm_byte	16	static
../Core/Src/wifi_es8266.c:427:13:line_classify	16	static
../Core/Src/wifi_es8266.c:454:13:stream_extract	528	static
../Core/Src/wifi_es8266.c:486:13:rxq_put	24	static
../Core/Src/wifi_es8266.c:495:13:uart3_write	16	static
../Core/Src/wifi_es8266.c:503:13:at_send_cmd	16	static
../Core/Src/wifi_es8266.c:517:12:at_wait_ms	24	static
../Core/Src/wifi_es8266.c:529:13:wf_start_cmd	16	static
../Core/Src/wifi_es8266.c:537:12:wf_poll_cmd	16	static
../Core/Src/wifi_es8266.c:551:13:wf_enter_backoff	16	static
